\BOOKMARK [0][-]{chapter*.2}{\376\377\000L\000E\000M\000B\000A\000R\000\040\000P\000E\000N\000G\000E\000S\000A\000H\000A\000N}{}% 1
\BOOKMARK [0][-]{chapter*.3}{\376\377\000P\000E\000R\000N\000Y\000A\000T\000A\000A\000N\000\040\000O\000R\000I\000S\000I\000N\000A\000L\000I\000T\000A\000S}{}% 2
\BOOKMARK [0][-]{chapter*.4}{\376\377\000P\000E\000R\000N\000Y\000A\000T\000A\000A\000N\000\040\000P\000E\000N\000G\000G\000U\000N\000A\000A\000N\000\040\000A\000I}{}% 3
\BOOKMARK [0][-]{chapter*.6}{\376\377\000A\000B\000S\000T\000R\000A\000K}{}% 4
\BOOKMARK [0][-]{chapter*.7}{\376\377\000K\000A\000T\000A\000\040\000P\000E\000N\000G\000A\000N\000T\000A\000R}{}% 5
\BOOKMARK [0][-]{section*.8}{\376\377\000D\000A\000F\000T\000A\000R\000\040\000I\000S\000I}{}% 6
\BOOKMARK [0][-]{section*.10}{\376\377\000D\000A\000F\000T\000A\000R\000\040\000G\000A\000M\000B\000A\000R}{}% 7
\BOOKMARK [0][-]{section*.11}{\376\377\000D\000A\000F\000T\000A\000R\000\040\000T\000A\000B\000E\000L}{}% 8
\BOOKMARK [0][-]{chapter*.12}{\376\377\000D\000A\000F\000T\000A\000R\000\040\000L\000I\000S\000T\000I\000N\000G}{}% 9
\BOOKMARK [0][-]{section*.13}{\376\377\000D\000A\000F\000T\000A\000R\000\040\000S\000I\000M\000B\000O\000L}{}% 10
\BOOKMARK [0][-]{section*.15}{\376\377\000D\000A\000F\000T\000A\000R\000\040\000S\000I\000N\000G\000K\000A\000T\000A\000N}{}% 11
\BOOKMARK [0][-]{chapter.1}{\376\377\000P\000E\000N\000D\000A\000H\000U\000L\000U\000A\000N}{}% 12
\BOOKMARK [1][-]{section.1.1}{\376\377\000L\000a\000t\000a\000r\000\040\000B\000e\000l\000a\000k\000a\000n\000g}{chapter.1}% 13
\BOOKMARK [1][-]{section.1.2}{\376\377\000R\000u\000m\000u\000s\000a\000n\000\040\000M\000a\000s\000a\000l\000a\000h}{chapter.1}% 14
\BOOKMARK [1][-]{section.1.3}{\376\377\000T\000u\000j\000u\000a\000n}{chapter.1}% 15
\BOOKMARK [1][-]{section.1.4}{\376\377\000B\000a\000t\000a\000s\000a\000n\000\040\000M\000a\000s\000a\000l\000a\000h}{chapter.1}% 16
\BOOKMARK [1][-]{section.1.5}{\376\377\000M\000e\000t\000o\000d\000o\000l\000o\000g\000i}{chapter.1}% 17
\BOOKMARK [1][-]{section.1.6}{\376\377\000S\000i\000s\000t\000e\000m\000a\000t\000i\000k\000a\000\040\000P\000e\000n\000u\000l\000i\000s\000a\000n}{chapter.1}% 18
\BOOKMARK [0][-]{chapter.2}{\376\377\000S\000T\000U\000D\000I\000\040\000L\000I\000T\000E\000R\000A\000T\000U\000R}{}% 19
\BOOKMARK [1][-]{section.2.1}{\376\377\000D\000a\000t\000a\000O\000p\000s\000\040\000d\000a\000n\000\040\000M\000L\000O\000p\000s}{chapter.2}% 20
\BOOKMARK [2][-]{subsection.2.1.1}{\376\377\000D\000a\000t\000a\000O\000p\000s}{section.2.1}% 21
\BOOKMARK [2][-]{subsection.2.1.2}{\376\377\000M\000L\000O\000p\000s}{section.2.1}% 22
\BOOKMARK [2][-]{subsection.2.1.3}{\376\377\000T\000i\000n\000g\000k\000a\000t\000\040\000K\000e\000m\000a\000t\000a\000n\000g\000a\000n\000\040\000M\000L\000O\000p\000s\000\040\000d\000a\000n\000\040\000D\000a\000t\000a\000O\000p\000s}{section.2.1}% 23
\BOOKMARK [2][-]{subsection.2.1.4}{\376\377\000I\000n\000t\000e\000g\000r\000a\000s\000i\000\040\000D\000a\000t\000a\000O\000p\000s\000\040\000d\000a\000n\000\040\000M\000L\000O\000p\000s}{section.2.1}% 24
\BOOKMARK [1][-]{section.2.2}{\376\377\000K\000u\000b\000e\000r\000n\000e\000t\000e\000s\000\040\000d\000a\000n\000\040\000O\000r\000k\000e\000s\000t\000r\000a\000s\000i\000\040\000C\000l\000o\000u\000d\000-\000N\000a\000t\000i\000v\000e}{chapter.2}% 25
\BOOKMARK [2][-]{subsection.2.2.1}{\376\377\000P\000e\000r\000a\000n\000,\000\040\000O\000b\000j\000e\000k\000\040\000D\000a\000s\000a\000r\000,\000\040\000d\000a\000n\000\040\000D\000i\000s\000t\000r\000i\000b\000u\000s\000i}{section.2.2}% 26
\BOOKMARK [2][-]{subsection.2.2.2}{\376\377\000P\000e\000n\000s\000k\000a\000l\000a\000a\000n\000\040\000O\000t\000o\000m\000a\000t\000i\000s\000\040\000d\000a\000n\000\040\000E\000k\000o\000s\000i\000s\000t\000e\000m\000\040\000O\000p\000e\000r\000a\000t\000o\000r}{section.2.2}% 27
\BOOKMARK [1][-]{section.2.3}{\376\377\000M\000a\000n\000a\000j\000e\000m\000e\000n\000\040\000D\000a\000t\000a\000:\000\040\000I\000n\000g\000e\000s\000t\000a\000s\000i\000,\000\040\000P\000e\000m\000r\000o\000s\000e\000s\000a\000n\000,\000\040\000d\000a\000n\000\040\000P\000e\000n\000y\000i\000m\000p\000a\000n\000a\000n}{chapter.2}% 28
\BOOKMARK [2][-]{subsection.2.3.1}{\376\377\000P\000o\000l\000a\000\040\000L\000a\000m\000b\000d\000a\000\040\000d\000a\000n\000\040\000K\000a\000p\000p\000a}{section.2.3}% 29
\BOOKMARK [2][-]{subsection.2.3.2}{\376\377\000A\000p\000a\000c\000h\000e\000\040\000K\000a\000f\000k\000a}{section.2.3}% 30
\BOOKMARK [2][-]{subsection.2.3.3}{\376\377\000A\000p\000a\000c\000h\000e\000\040\000F\000l\000i\000n\000k}{section.2.3}% 31
\BOOKMARK [2][-]{subsection.2.3.4}{\376\377\000A\000p\000a\000c\000h\000e\000\040\000S\000p\000a\000r\000k\000\040\000d\000a\000n\000\040\000d\000b\000t}{section.2.3}% 32
\BOOKMARK [2][-]{subsection.2.3.5}{\376\377\000F\000o\000r\000m\000a\000t\000\040\000T\000a\000b\000e\000l\000\040\000L\000a\000k\000e\000h\000o\000u\000s\000e}{section.2.3}% 33
\BOOKMARK [2][-]{subsection.2.3.6}{\376\377\000P\000e\000n\000y\000i\000m\000p\000a\000n\000a\000n\000\040\000O\000b\000j\000e\000k\000\040\000d\000a\000n\000\040\000V\000e\000r\000s\000i\000\040\000D\000a\000t\000a}{section.2.3}% 34
\BOOKMARK [2][-]{subsection.2.3.7}{\376\377\000P\000e\000n\000y\000i\000m\000p\000a\000n\000a\000n\000\040\000R\000e\000l\000a\000s\000i\000o\000n\000a\000l\000\040\000d\000a\000n\000\040\000P\000e\000n\000c\000a\000r\000i\000a\000n}{section.2.3}% 35
\BOOKMARK [1][-]{section.2.4}{\376\377\000L\000a\000y\000a\000n\000a\000n\000\040\000F\000i\000t\000u\000r\000\040\000\050\000F\000e\000a\000t\000u\000r\000e\000\040\000S\000t\000o\000r\000e\000\051}{chapter.2}% 36
\BOOKMARK [2][-]{subsection.2.4.1}{\376\377\000K\000o\000n\000s\000e\000p\000\040\000d\000a\000n\000\040\000P\000e\000r\000a\000n}{section.2.4}% 37
\BOOKMARK [2][-]{subsection.2.4.2}{\376\377\000P\000e\000n\000y\000i\000m\000p\000a\000n\000a\000n\000\040\000O\000f\000f\000l\000i\000n\000e\000\040\000d\000a\000n\000\040\000O\000n\000l\000i\000n\000e}{section.2.4}% 38
\BOOKMARK [2][-]{subsection.2.4.3}{\376\377\000P\000e\000n\000c\000a\000r\000i\000a\000n\000\040\000V\000e\000k\000t\000o\000r\000\040\000d\000a\000n\000\040\000H\000N\000S\000W}{section.2.4}% 39
\BOOKMARK [2][-]{subsection.2.4.4}{\376\377\000P\000o\000i\000n\000t\000-\000i\000n\000-\000T\000i\000m\000e\000\040\000C\000o\000r\000r\000e\000c\000t\000n\000e\000s\000s}{section.2.4}% 40
\BOOKMARK [1][-]{section.2.5}{\376\377\000S\000i\000k\000l\000u\000s\000\040\000H\000i\000d\000u\000p\000\040\000M\000o\000d\000e\000l}{chapter.2}% 41
\BOOKMARK [2][-]{subsection.2.5.1}{\376\377\000E\000k\000s\000p\000e\000r\000i\000m\000e\000n\000\040\000d\000a\000n\000\040\000T\000r\000a\000c\000k\000i\000n\000g}{section.2.5}% 42
\BOOKMARK [2][-]{subsection.2.5.2}{\376\377\000O\000r\000k\000e\000s\000t\000r\000a\000s\000i\000\040\000P\000e\000l\000a\000t\000i\000h\000a\000n}{section.2.5}% 43
\BOOKMARK [2][-]{subsection.2.5.3}{\376\377\000E\000k\000s\000p\000e\000r\000i\000m\000e\000n\000\040\000I\000n\000t\000e\000r\000a\000k\000t\000i\000f\000\040\000d\000a\000n\000\040\000T\000u\000n\000i\000n\000g}{section.2.5}% 44
\BOOKMARK [2][-]{subsection.2.5.4}{\376\377\000P\000e\000n\000y\000a\000j\000i\000a\000n\000\040\000M\000o\000d\000e\000l}{section.2.5}% 45
\BOOKMARK [1][-]{section.2.6}{\376\377\000T\000a\000t\000a\000\040\000K\000e\000l\000o\000l\000a\000\040\000D\000a\000t\000a\000:\000\040\000K\000a\000t\000a\000l\000o\000g\000,\000\040\000L\000i\000n\000e\000a\000g\000e\000,\000\040\000d\000a\000n\000\040\000K\000u\000a\000l\000i\000t\000a\000s}{chapter.2}% 46
\BOOKMARK [1][-]{section.2.7}{\376\377\000D\000e\000t\000e\000k\000s\000i\000\040\000D\000r\000i\000f\000t}{chapter.2}% 47
\BOOKMARK [1][-]{section.2.8}{\376\377\000O\000b\000s\000e\000r\000v\000a\000b\000i\000l\000i\000t\000a\000s\000\040\000C\000l\000o\000u\000d\000-\000N\000a\000t\000i\000v\000e}{chapter.2}% 48
\BOOKMARK [1][-]{section.2.9}{\376\377\000G\000i\000t\000O\000p\000s\000\040\000d\000a\000n\000\040\000C\000o\000n\000t\000i\000n\000u\000o\000u\000s\000\040\000D\000e\000l\000i\000v\000e\000r\000y}{chapter.2}% 49
\BOOKMARK [1][-]{section.2.10}{\376\377\000K\000e\000a\000m\000a\000n\000a\000n\000\040\000P\000l\000a\000t\000f\000o\000r\000m\000:\000\040\000I\000d\000e\000n\000t\000i\000t\000a\000s\000,\000\040\000R\000a\000h\000a\000s\000i\000a\000,\000\040\000M\000e\000s\000h\000,\000\040\000d\000a\000n\000\040\000K\000e\000b\000i\000j\000a\000k\000a\000n}{chapter.2}% 50
\BOOKMARK [2][-]{subsection.2.10.1}{\376\377\000I\000d\000e\000n\000t\000i\000t\000a\000s\000\040\000d\000a\000n\000\040\000P\000e\000n\000g\000e\000l\000o\000l\000a\000a\000n\000\040\000R\000a\000h\000a\000s\000i\000a}{section.2.10}% 51
\BOOKMARK [2][-]{subsection.2.10.2}{\376\377\000S\000e\000r\000v\000i\000c\000e\000\040\000M\000e\000s\000h\000,\000\040\000A\000P\000I\000\040\000G\000a\000t\000e\000w\000a\000y\000,\000\040\000d\000a\000n\000\040\000P\000e\000n\000e\000g\000a\000k\000a\000n\000\040\000K\000e\000b\000i\000j\000a\000k\000a\000n}{section.2.10}% 52
\BOOKMARK [1][-]{section.2.11}{\376\377\000P\000e\000n\000e\000l\000i\000t\000i\000a\000n\000\040\000T\000e\000r\000k\000a\000i\000t}{chapter.2}% 53
\BOOKMARK [0][-]{chapter.3}{\376\377\000A\000N\000A\000L\000I\000S\000I\000S\000\040\000M\000A\000S\000A\000L\000A\000H}{}% 54
\BOOKMARK [1][-]{section.3.1}{\376\377\000A\000n\000a\000l\000i\000s\000i\000s\000\040\000K\000o\000n\000d\000i\000s\000i\000\040\000S\000a\000a\000t\000\040\000I\000n\000i}{chapter.3}% 55
\BOOKMARK [2][-]{subsection.3.1.1}{\376\377\000B\000e\000b\000a\000n\000\040\000K\000o\000n\000f\000i\000g\000u\000r\000a\000s\000i\000\040\000P\000l\000a\000t\000f\000o\000r\000m\000\040\000d\000a\000r\000i\000\040\000N\000o\000l}{section.3.1}% 56
\BOOKMARK [2][-]{subsection.3.1.2}{\376\377\000B\000i\000a\000y\000a\000\040\000B\000e\000r\000l\000a\000n\000g\000g\000a\000n\000a\000n\000\040\000L\000a\000y\000a\000n\000a\000n\000\040\000T\000e\000r\000k\000e\000l\000o\000l\000a}{section.3.1}% 57
\BOOKMARK [2][-]{subsection.3.1.3}{\376\377\000E\000f\000e\000k\000\040\000D\000o\000m\000i\000n\000o\000\040\000F\000r\000a\000g\000m\000e\000n\000t\000a\000s\000i\000\040\000L\000i\000n\000t\000a\000s\000\040\000P\000e\000r\000a\000n}{section.3.1}% 58
\BOOKMARK [1][-]{section.3.2}{\376\377\000A\000n\000a\000l\000i\000s\000i\000s\000\040\000K\000e\000b\000u\000t\000u\000h\000a\000n}{chapter.3}% 59
\BOOKMARK [2][-]{subsection.3.2.1}{\376\377\000I\000d\000e\000n\000t\000i\000f\000i\000k\000a\000s\000i\000\040\000M\000a\000s\000a\000l\000a\000h\000\040\000P\000e\000n\000g\000g\000u\000n\000a}{section.3.2}% 60
\BOOKMARK [2][-]{subsection.3.2.2}{\376\377\000K\000e\000b\000u\000t\000u\000h\000a\000n\000\040\000F\000u\000n\000g\000s\000i\000o\000n\000a\000l}{section.3.2}% 61
\BOOKMARK [2][-]{subsection.3.2.3}{\376\377\000K\000e\000b\000u\000t\000u\000h\000a\000n\000\040\000N\000o\000n\000f\000u\000n\000g\000s\000i\000o\000n\000a\000l}{section.3.2}% 62
\BOOKMARK [1][-]{section.3.3}{\376\377\000A\000n\000a\000l\000i\000s\000i\000s\000\040\000P\000e\000m\000i\000l\000i\000h\000a\000n\000\040\000S\000o\000l\000u\000s\000i}{chapter.3}% 63
\BOOKMARK [2][-]{subsection.3.3.1}{\376\377\000A\000l\000t\000e\000r\000n\000a\000t\000i\000f\000\040\000S\000o\000l\000u\000s\000i}{section.3.3}% 64
\BOOKMARK [2][-]{subsection.3.3.2}{\376\377\000A\000n\000a\000l\000i\000s\000i\000s\000\040\000P\000e\000n\000e\000n\000t\000u\000a\000n\000\040\000S\000o\000l\000u\000s\000i}{section.3.3}% 65
\BOOKMARK [2][-]{subsection.3.3.3}{\376\377\000P\000o\000s\000i\000s\000i\000\040\000t\000e\000r\000h\000a\000d\000a\000p\000\040\000P\000e\000n\000e\000l\000i\000t\000i\000a\000n\000\040\000T\000e\000r\000k\000a\000i\000t}{section.3.3}% 66
\BOOKMARK [1][-]{section.3.4}{\376\377\000A\000n\000a\000l\000i\000s\000i\000s\000\040\000P\000e\000m\000i\000l\000i\000h\000a\000n\000\040\000O\000p\000e\000n\000\040\000S\000o\000u\000r\000c\000e\000\040\000T\000o\000o\000l\000s}{chapter.3}% 67
\BOOKMARK [2][-]{subsection.3.4.1}{\376\377\000L\000a\000p\000i\000s\000\040\000O\000r\000k\000e\000s\000t\000r\000a\000s\000i\000\040\000d\000a\000n\000\040\000I\000n\000f\000r\000a\000s\000t\000r\000u\000k\000t\000u\000r}{section.3.4}% 68
\BOOKMARK [2][-]{subsection.3.4.2}{\376\377\000L\000a\000p\000i\000s\000\040\000I\000n\000g\000e\000s\000t\000a\000s\000i\000\040\000d\000a\000n\000\040\000P\000e\000m\000r\000o\000s\000e\000s\000a\000n\000\040\000D\000a\000t\000a}{section.3.4}% 69
\BOOKMARK [2][-]{subsection.3.4.3}{\376\377\000L\000a\000p\000i\000s\000\040\000P\000e\000n\000y\000i\000m\000p\000a\000n\000a\000n\000\040\000D\000a\000t\000a}{section.3.4}% 70
\BOOKMARK [2][-]{subsection.3.4.4}{\376\377\000L\000a\000p\000i\000s\000\040\000L\000a\000y\000a\000n\000a\000n\000\040\000F\000i\000t\000u\000r}{section.3.4}% 71
\BOOKMARK [2][-]{subsection.3.4.5}{\376\377\000L\000a\000p\000i\000s\000\040\000S\000i\000k\000l\000u\000s\000\040\000H\000i\000d\000u\000p\000\040\000M\000o\000d\000e\000l}{section.3.4}% 72
\BOOKMARK [2][-]{subsection.3.4.6}{\376\377\000L\000a\000p\000i\000s\000\040\000T\000a\000t\000a\000\040\000K\000e\000l\000o\000l\000a\000\040\000D\000a\000t\000a}{section.3.4}% 73
\BOOKMARK [2][-]{subsection.3.4.7}{\376\377\000L\000a\000p\000i\000s\000\040\000O\000b\000s\000e\000r\000v\000a\000b\000i\000l\000i\000t\000a\000s}{section.3.4}% 74
\BOOKMARK [2][-]{subsection.3.4.8}{\376\377\000L\000a\000p\000i\000s\000\040\000G\000i\000t\000O\000p\000s\000\040\000d\000a\000n\000\040\000C\000o\000n\000t\000i\000n\000u\000o\000u\000s\000\040\000D\000e\000l\000i\000v\000e\000r\000y}{section.3.4}% 75
\BOOKMARK [2][-]{subsection.3.4.9}{\376\377\000L\000a\000p\000i\000s\000\040\000K\000e\000a\000m\000a\000n\000a\000n\000\040\000P\000l\000a\000t\000f\000o\000r\000m}{section.3.4}% 76
\BOOKMARK [0][-]{chapter.4}{\376\377\000P\000E\000R\000A\000N\000C\000A\000N\000G\000A\000N\000\040\000A\000R\000S\000I\000T\000E\000K\000T\000U\000R\000\040\000P\000L\000A\000T\000F\000O\000R\000M\000\040\000D\000A\000T\000A\000O\000P\000S\000\040\000D\000A\000N\000\040\000M\000L\000O\000P\000S}{}% 77
\BOOKMARK [1][-]{section.4.1}{\376\377\000G\000a\000m\000b\000a\000r\000a\000n\000\040\000U\000m\000u\000m\000\040\000P\000l\000a\000t\000f\000o\000r\000m}{chapter.4}% 78
\BOOKMARK [1][-]{section.4.2}{\376\377\000P\000e\000r\000a\000n\000c\000a\000n\000g\000a\000n\000\040\000A\000r\000s\000i\000t\000e\000k\000t\000u\000r\000\040\000T\000e\000r\000i\000n\000t\000e\000g\000r\000a\000s\000i}{chapter.4}% 79
\BOOKMARK [2][-]{subsection.4.2.1}{\376\377\000L\000a\000p\000i\000s\000a\000n\000\040\000I\000n\000f\000r\000a\000s\000t\000r\000u\000k\000t\000u\000r\000\040\000d\000a\000n\000\040\000B\000i\000d\000a\000n\000g\000\040\000K\000e\000n\000d\000a\000l\000i}{section.4.2}% 80
\BOOKMARK [2][-]{subsection.4.2.2}{\376\377\000L\000a\000p\000i\000s\000a\000n\000\040\000I\000n\000g\000e\000s\000t\000a\000s\000i\000,\000\040\000P\000e\000m\000r\000o\000s\000e\000s\000a\000n\000,\000\040\000d\000a\000n\000\040\000P\000e\000n\000y\000i\000m\000p\000a\000n\000a\000n\000\040\000F\000i\000t\000u\000r}{section.4.2}% 81
\BOOKMARK [2][-]{subsection.4.2.3}{\376\377\000L\000a\000p\000i\000s\000a\000n\000\040\000S\000i\000k\000l\000u\000s\000\040\000H\000i\000d\000u\000p\000\040\000M\000o\000d\000e\000l\000\040\000d\000a\000n\000\040\000P\000e\000n\000y\000a\000j\000i\000a\000n}{section.4.2}% 82
\BOOKMARK [2][-]{subsection.4.2.4}{\376\377\000L\000a\000p\000i\000s\000a\000n\000\040\000T\000a\000t\000a\000\040\000K\000e\000l\000o\000l\000a\000\040\000d\000a\000n\000\040\000O\000b\000s\000e\000r\000v\000a\000b\000i\000l\000i\000t\000a\000s}{section.4.2}% 83
\BOOKMARK [1][-]{section.4.3}{\376\377\000P\000e\000r\000a\000n\000c\000a\000n\000g\000a\000n\000\040\000S\000u\000b\000-\000s\000i\000s\000t\000e\000m\000\040\000T\000a\000t\000a\000\040\000K\000e\000l\000o\000l\000a\000\040\000D\000a\000t\000a}{chapter.4}% 84
\BOOKMARK [2][-]{subsection.4.3.1}{\376\377\000K\000a\000t\000a\000l\000o\000g\000\040\000M\000e\000t\000a\000d\000a\000t\000a\000\040\000d\000a\000n\000\040\000L\000i\000n\000e\000a\000g\000e}{section.4.3}% 85
\BOOKMARK [2][-]{subsection.4.3.2}{\376\377\000K\000o\000n\000t\000r\000a\000k\000\040\000D\000a\000t\000a\000\040\000d\000a\000n\000\040\000K\000u\000a\000l\000i\000t\000a\000s}{section.4.3}% 86
\BOOKMARK [2][-]{subsection.4.3.3}{\376\377\000I\000d\000e\000n\000t\000i\000t\000a\000s\000\040\000d\000a\000n\000\040\000K\000o\000n\000t\000r\000o\000l\000\040\000A\000k\000s\000e\000s}{section.4.3}% 87
\BOOKMARK [1][-]{section.4.4}{\376\377\000P\000e\000r\000a\000n\000c\000a\000n\000g\000a\000n\000\040\000S\000u\000b\000-\000s\000i\000s\000t\000e\000m\000\040\000D\000e\000t\000e\000k\000s\000i\000\040\000D\000r\000i\000f\000t\000\040\000d\000a\000n\000\040\000C\000o\000n\000t\000i\000n\000u\000o\000u\000s\000\040\000T\000r\000a\000i\000n\000i\000n\000g}{chapter.4}% 88
\BOOKMARK [2][-]{subsection.4.4.1}{\376\377\000P\000e\000n\000g\000u\000k\000u\000r\000a\000n\000\040\000D\000r\000i\000f\000t}{section.4.4}% 89
\BOOKMARK [2][-]{subsection.4.4.2}{\376\377\000A\000l\000u\000r\000\040\000P\000e\000l\000a\000t\000i\000h\000a\000n\000\040\000U\000l\000a\000n\000g\000\040\000O\000t\000o\000m\000a\000t\000i\000s}{section.4.4}% 90
\BOOKMARK [2][-]{subsection.4.4.3}{\376\377\000M\000e\000k\000a\000n\000i\000s\000m\000e\000\040\000P\000e\000n\000a\000n\000g\000a\000n\000a\000n\000\040\000K\000a\000s\000u\000s\000\040\000K\000h\000u\000s\000u\000s}{section.4.4}% 91
\BOOKMARK [1][-]{section.4.5}{\376\377\000P\000e\000r\000a\000n\000c\000a\000n\000g\000a\000n\000\040\000S\000u\000b\000-\000s\000i\000s\000t\000e\000m\000\040\000L\000a\000y\000a\000n\000a\000n\000\040\000F\000i\000t\000u\000r\000\040\000D\000u\000a\000l\000-\000S\000t\000o\000r\000e}{chapter.4}% 92
\BOOKMARK [2][-]{subsection.4.5.1}{\376\377\000P\000e\000n\000y\000i\000m\000p\000a\000n\000a\000n\000\040\000O\000f\000f\000l\000i\000n\000e\000\040\000d\000a\000n\000\040\000O\000n\000l\000i\000n\000e}{section.4.5}% 93
\BOOKMARK [2][-]{subsection.4.5.2}{\376\377\000D\000u\000k\000u\000n\000g\000a\000n\000\040\000V\000e\000c\000t\000o\000r\000\040\000E\000m\000b\000e\000d\000d\000i\000n\000g\000s\000\040\000d\000a\000n\000\040\000H\000N\000S\000W}{section.4.5}% 94
\BOOKMARK [2][-]{subsection.4.5.3}{\376\377\000J\000a\000m\000i\000n\000a\000n\000\040\000P\000o\000i\000n\000t\000-\000i\000n\000-\000T\000i\000m\000e\000\040\000C\000o\000r\000r\000e\000c\000t\000n\000e\000s\000s}{section.4.5}% 95
\BOOKMARK [2][-]{subsection.4.5.4}{\376\377\000A\000l\000i\000r\000a\000n\000\040\000M\000a\000t\000e\000r\000i\000a\000l\000i\000s\000a\000s\000i\000\040\000F\000i\000t\000u\000r}{section.4.5}% 96
\BOOKMARK [1][-]{section.4.6}{\376\377\000A\000l\000u\000r\000\040\000K\000e\000r\000j\000a\000\040\000E\000n\000d\000-\000t\000o\000-\000E\000n\000d}{chapter.4}% 97
\BOOKMARK [0][-]{chapter.5}{\376\377\000I\000M\000P\000L\000E\000M\000E\000N\000T\000A\000S\000I\000\040\000A\000R\000S\000I\000T\000E\000K\000T\000U\000R\000\040\000P\000L\000A\000T\000F\000O\000R\000M\000\040\000D\000A\000T\000A\000O\000P\000S\000\040\000D\000A\000N\000\040\000M\000L\000O\000P\000S}{}% 98
\BOOKMARK [1][-]{section.5.1}{\376\377\000L\000i\000n\000g\000k\000u\000n\000g\000a\000n\000\040\000I\000m\000p\000l\000e\000m\000e\000n\000t\000a\000s\000i}{chapter.5}% 99
\BOOKMARK [2][-]{subsection.5.1.1}{\376\377\000K\000o\000n\000f\000i\000g\000u\000r\000a\000s\000i\000\040\000D\000a\000s\000a\000r\000\040\000C\000l\000u\000s\000t\000e\000r}{section.5.1}% 100
\BOOKMARK [2][-]{subsection.5.1.2}{\376\377\000M\000a\000n\000a\000j\000e\000m\000e\000n\000\040\000R\000a\000h\000a\000s\000i\000a\000\040\000d\000a\000n\000\040\000I\000d\000e\000n\000t\000i\000t\000a\000s}{section.5.1}% 101
\BOOKMARK [2][-]{subsection.5.1.3}{\376\377\000P\000o\000l\000a\000\040\000G\000i\000t\000O\000p\000s}{section.5.1}% 102
\BOOKMARK [1][-]{section.5.2}{\376\377\000I\000m\000p\000l\000e\000m\000e\000n\000t\000a\000s\000i\000\040\000A\000r\000s\000i\000t\000e\000k\000t\000u\000r\000\040\000T\000e\000r\000i\000n\000t\000e\000g\000r\000a\000s\000i}{chapter.5}% 103
\BOOKMARK [2][-]{subsection.5.2.1}{\376\377\000L\000a\000p\000i\000s\000a\000n\000\040\000I\000n\000g\000e\000s\000t\000a\000s\000i}{section.5.2}% 104
\BOOKMARK [2][-]{subsection.5.2.2}{\376\377\000L\000a\000p\000i\000s\000a\000n\000\040\000P\000e\000m\000r\000o\000s\000e\000s\000a\000n}{section.5.2}% 105
\BOOKMARK [2][-]{subsection.5.2.3}{\376\377\000L\000a\000p\000i\000s\000a\000n\000\040\000P\000e\000n\000y\000i\000m\000p\000a\000n\000a\000n}{section.5.2}% 106
\BOOKMARK [2][-]{subsection.5.2.4}{\376\377\000L\000a\000p\000i\000s\000a\000n\000\040\000S\000i\000k\000l\000u\000s\000\040\000H\000i\000d\000u\000p\000\040\000M\000o\000d\000e\000l\000\040\000d\000a\000n\000\040\000P\000e\000n\000y\000a\000j\000i\000a\000n}{section.5.2}% 107
\BOOKMARK [2][-]{subsection.5.2.5}{\376\377\000L\000a\000p\000i\000s\000a\000n\000\040\000O\000b\000s\000e\000r\000v\000a\000b\000i\000l\000i\000t\000a\000s}{section.5.2}% 108
\BOOKMARK [1][-]{section.5.3}{\376\377\000I\000m\000p\000l\000e\000m\000e\000n\000t\000a\000s\000i\000\040\000S\000u\000b\000-\000s\000i\000s\000t\000e\000m\000\040\000T\000a\000t\000a\000\040\000K\000e\000l\000o\000l\000a\000\040\000D\000a\000t\000a}{chapter.5}% 109
\BOOKMARK [2][-]{subsection.5.3.1}{\376\377\000K\000a\000t\000a\000l\000o\000g\000\040\000M\000e\000t\000a\000d\000a\000t\000a\000\040\000d\000a\000n\000\040\000L\000i\000n\000e\000a\000g\000e}{section.5.3}% 110
\BOOKMARK [2][-]{subsection.5.3.2}{\376\377\000K\000o\000n\000t\000r\000a\000k\000\040\000D\000a\000t\000a\000\040\000d\000a\000n\000\040\000K\000u\000a\000l\000i\000t\000a\000s}{section.5.3}% 111
\BOOKMARK [2][-]{subsection.5.3.3}{\376\377\000K\000o\000n\000t\000r\000o\000l\000\040\000A\000k\000s\000e\000s}{section.5.3}% 112
\BOOKMARK [1][-]{section.5.4}{\376\377\000I\000m\000p\000l\000e\000m\000e\000n\000t\000a\000s\000i\000\040\000S\000u\000b\000-\000s\000i\000s\000t\000e\000m\000\040\000D\000e\000t\000e\000k\000s\000i\000\040\000D\000r\000i\000f\000t\000\040\000d\000a\000n\000\040\000C\000o\000n\000t\000i\000n\000u\000o\000u\000s\000\040\000T\000r\000a\000i\000n\000i\000n\000g}{chapter.5}% 113
\BOOKMARK [2][-]{subsection.5.4.1}{\376\377\000D\000e\000t\000e\000k\000t\000o\000r\000\040\000D\000r\000i\000f\000t}{section.5.4}% 114
\BOOKMARK [2][-]{subsection.5.4.2}{\376\377\000C\000o\000n\000t\000r\000o\000l\000\040\000L\000o\000o\000p\000\040\000P\000e\000l\000a\000t\000i\000h\000a\000n\000\040\000U\000l\000a\000n\000g}{section.5.4}% 115
\BOOKMARK [2][-]{subsection.5.4.3}{\376\377\000P\000e\000n\000a\000n\000g\000a\000n\000a\000n\000\040\000K\000a\000s\000u\000s\000\040\000K\000h\000u\000s\000u\000s}{section.5.4}% 116
\BOOKMARK [1][-]{section.5.5}{\376\377\000I\000m\000p\000l\000e\000m\000e\000n\000t\000a\000s\000i\000\040\000S\000u\000b\000-\000s\000i\000s\000t\000e\000m\000\040\000L\000a\000y\000a\000n\000a\000n\000\040\000F\000i\000t\000u\000r\000\040\000D\000u\000a\000l\000-\000S\000t\000o\000r\000e}{chapter.5}% 117
\BOOKMARK [2][-]{subsection.5.5.1}{\376\377\000K\000o\000n\000f\000i\000g\000u\000r\000a\000s\000i\000\040\000F\000e\000a\000s\000t}{section.5.5}% 118
\BOOKMARK [2][-]{subsection.5.5.2}{\376\377\000D\000u\000k\000u\000n\000g\000a\000n\000\040\000V\000e\000c\000t\000o\000r\000\040\000E\000m\000b\000e\000d\000d\000i\000n\000g\000s}{section.5.5}% 119
\BOOKMARK [2][-]{subsection.5.5.3}{\376\377\000M\000a\000t\000e\000r\000i\000a\000l\000i\000s\000a\000s\000i\000\040\000d\000a\000n\000\040\000P\000o\000i\000n\000t\000-\000i\000n\000-\000T\000i\000m\000e\000\040\000C\000o\000r\000r\000e\000c\000t\000n\000e\000s\000s}{section.5.5}% 120
\BOOKMARK [1][-]{section.5.6}{\376\377\000V\000e\000r\000i\000f\000i\000k\000a\000s\000i\000\040\000I\000m\000p\000l\000e\000m\000e\000n\000t\000a\000s\000i}{chapter.5}% 121
\BOOKMARK [2][-]{subsection.5.6.1}{\376\377\000L\000i\000n\000g\000k\000u\000p\000\040\000V\000e\000r\000i\000f\000i\000k\000a\000s\000i}{section.5.6}% 122
\BOOKMARK [2][-]{subsection.5.6.2}{\376\377\000P\000e\000n\000g\000a\000m\000a\000t\000a\000n\000\040\000H\000a\000s\000i\000l\000\040\000A\000w\000a\000l}{section.5.6}% 123
\BOOKMARK [0][-]{chapter.6}{\376\377\000E\000V\000A\000L\000U\000A\000S\000I}{}% 124
\BOOKMARK [1][-]{section.6.1}{\376\377\000M\000e\000t\000o\000d\000e\000\040\000E\000v\000a\000l\000u\000a\000s\000i}{chapter.6}% 125
\BOOKMARK [2][-]{subsection.6.1.1}{\376\377\000K\000a\000s\000u\000s\000\040\000V\000e\000r\000i\000f\000i\000k\000a\000s\000i\000\040\000d\000a\000n\000\040\000L\000i\000n\000g\000k\000u\000n\000g\000a\000n\000\040\000U\000j\000i}{section.6.1}% 126
\BOOKMARK [2][-]{subsection.6.1.2}{\376\377\000E\000v\000a\000l\000u\000a\000s\000i\000\040\000T\000u\000j\000u\000a\000n\000\040\000T\000-\0001\000:\000\040\000A\000r\000s\000i\000t\000e\000k\000t\000u\000r\000\040\000T\000e\000r\000i\000n\000t\000e\000g\000r\000a\000s\000i\000\040\000d\000a\000n\000\040\000G\000i\000t\000O\000p\000s}{section.6.1}% 127
\BOOKMARK [2][-]{subsection.6.1.3}{\376\377\000E\000v\000a\000l\000u\000a\000s\000i\000\040\000T\000u\000j\000u\000a\000n\000\040\000T\000-\0002\000:\000\040\000T\000a\000t\000a\000\040\000K\000e\000l\000o\000l\000a\000\040\000D\000a\000t\000a}{section.6.1}% 128
\BOOKMARK [2][-]{subsection.6.1.4}{\376\377\000E\000v\000a\000l\000u\000a\000s\000i\000\040\000T\000u\000j\000u\000a\000n\000\040\000T\000-\0003\000:\000\040\000D\000e\000t\000e\000k\000s\000i\000\040\000D\000r\000i\000f\000t\000\040\000d\000a\000n\000\040\000P\000e\000l\000a\000t\000i\000h\000a\000n\000\040\000U\000l\000a\000n\000g}{section.6.1}% 129
\BOOKMARK [2][-]{subsection.6.1.5}{\376\377\000E\000v\000a\000l\000u\000a\000s\000i\000\040\000T\000u\000j\000u\000a\000n\000\040\000T\000-\0004\000:\000\040\000L\000a\000y\000a\000n\000a\000n\000\040\000F\000i\000t\000u\000r\000\040\000D\000u\000a\000l\000-\000S\000t\000o\000r\000e}{section.6.1}% 130
\BOOKMARK [2][-]{subsection.6.1.6}{\376\377\000M\000a\000t\000r\000i\000k\000s\000\040\000C\000a\000k\000u\000p\000a\000n\000\040\000d\000a\000n\000\040\000U\000j\000i\000\040\000P\000e\000n\000e\000r\000i\000m\000a\000a\000n}{section.6.1}% 131
\BOOKMARK [1][-]{section.6.2}{\376\377\000H\000a\000s\000i\000l\000\040\000E\000v\000a\000l\000u\000a\000s\000i}{chapter.6}% 132
\BOOKMARK [1][-]{section.6.3}{\376\377\000P\000e\000r\000b\000a\000n\000d\000i\000n\000g\000a\000n\000\040\000B\000i\000a\000y\000a\000\040\000I\000n\000f\000r\000a\000s\000t\000r\000u\000k\000t\000u\000r\000\040\000d\000a\000n\000\040\000T\000e\000n\000a\000g\000a\000\040\000K\000e\000r\000j\000a}{chapter.6}% 133
\BOOKMARK [1][-]{section.6.4}{\376\377\000P\000e\000m\000b\000a\000h\000a\000s\000a\000n\000\040\000H\000a\000s\000i\000l\000\040\000E\000v\000a\000l\000u\000a\000s\000i}{chapter.6}% 134
\BOOKMARK [0][-]{chapter.7}{\376\377\000P\000E\000N\000U\000T\000U\000P}{}% 135
\BOOKMARK [1][-]{section.7.1}{\376\377\000K\000e\000s\000i\000m\000p\000u\000l\000a\000n}{chapter.7}% 136
\BOOKMARK [1][-]{section.7.2}{\376\377\000S\000a\000r\000a\000n}{chapter.7}% 137
\BOOKMARK [0][-]{appendix.a.A}{\376\377\000L\000a\000m\000p\000i\000r\000a\000n\000\040\000K\000A\000T\000A\000L\000O\000G\000\040\000P\000E\000R\000I\000N\000T\000A\000H\000\040\000V\000E\000R\000I\000F\000I\000K\000A\000S\000I\000\040\000U\000S\000E\000\040\000C\000A\000S\000E}{}% 138
\BOOKMARK [1][-]{section.a.A.1}{\376\377\000T\000u\000j\000u\000a\000n\000\040\000T\000-\0001\000:\000\040\000A\000r\000s\000i\000t\000e\000k\000t\000u\000r\000\040\000T\000e\000r\000i\000n\000t\000e\000g\000r\000a\000s\000i\000\040\000d\000a\000n\000\040\000G\000i\000t\000O\000p\000s}{appendix.a.A}% 139
\BOOKMARK [1][-]{section.a.A.2}{\376\377\000T\000u\000j\000u\000a\000n\000\040\000T\000-\0002\000:\000\040\000T\000a\000t\000a\000\040\000K\000e\000l\000o\000l\000a\000\040\000D\000a\000t\000a}{appendix.a.A}% 140
\BOOKMARK [1][-]{section.a.A.3}{\376\377\000T\000u\000j\000u\000a\000n\000\040\000T\000-\0003\000:\000\040\000D\000e\000t\000e\000k\000s\000i\000\040\000D\000r\000i\000f\000t\000\040\000d\000a\000n\000\040\000P\000e\000l\000a\000t\000i\000h\000a\000n\000\040\000U\000l\000a\000n\000g}{appendix.a.A}% 141
\BOOKMARK [1][-]{section.a.A.4}{\376\377\000T\000u\000j\000u\000a\000n\000\040\000T\000-\0004\000:\000\040\000L\000a\000y\000a\000n\000a\000n\000\040\000F\000i\000t\000u\000r\000\040\000D\000u\000a\000l\000-\000S\000t\000o\000r\000e}{appendix.a.A}% 142
\BOOKMARK [0][-]{appendix.a.B}{\376\377\000L\000a\000m\000p\000i\000r\000a\000n\000\040\000P\000A\000R\000A\000M\000E\000T\000E\000R\000\040\000P\000E\000N\000I\000L\000A\000I\000A\000N\000\040\000K\000R\000I\000T\000E\000R\000I\000A\000\040\000E\000V\000A\000L\000U\000A\000S\000I\000\040\000A\000L\000T\000E\000R\000N\000A\000T\000I\000F}{}% 143
\BOOKMARK [1][-]{section.a.B.1}{\376\377\000K\000r\000i\000t\000e\000r\000i\000a\000\040\000L\000i\000n\000t\000a\000s\000\040\000T\000a\000b\000e\000l}{appendix.a.B}% 144
\BOOKMARK [1][-]{section.a.B.2}{\376\377\000K\000r\000i\000t\000e\000r\000i\000a\000\040\000S\000p\000e\000s\000i\000f\000i\000k\000\040\000p\000e\000r\000\040\000L\000a\000p\000i\000s}{appendix.a.B}% 145
